[2026-05-25 01:04:36] [INFO] [config_parser.py:46] - Configuration successfully loaded from configs/default.yaml
[2026-05-25 01:04:36] [INFO] [benchmark.py:154] - Target file for PyTorch FP32 missing. Creating fallback mock file at weights\best.pt
[2026-05-25 01:04:36] [ERROR] [benchmark.py:167] - Error benchmarking PyTorch FP32: invalid load key, 'y'.
[2026-05-25 01:04:36] [WARNING] [benchmark.py:159] - File for ONNXRuntime (weights\export\model.onnx) does not exist. Skipping benchmark.
[2026-05-25 01:04:36] [INFO] [benchmark.py:154] - Target file for TensorRT FP32 missing. Creating fallback mock file at weights\weights\model_fp32.engine
[2026-05-25 01:04:36] [WARNING] [trt_backend.py:35] - TensorRT Engine Backend running in SIMULATION fallback mode for file weights\weights\model_fp32.engine
[2026-05-25 01:04:36] [INFO] [benchmark.py:39] - Starting performance run for: TensorRT FP32 (warmup=100, runs=500)...
[2026-05-25 01:04:55] [INFO] [benchmark.py:101] - Finished TensorRT FP32. Latency: 16.06 ms | FPS: 62.3 | RAM: 307.8 MB | GPU Mem: 280.0 MB
[2026-05-25 01:04:55] [INFO] [benchmark.py:154] - Target file for TensorRT FP16 missing. Creating fallback mock file at weights\weights\model_fp16.engine
[2026-05-25 01:04:55] [WARNING] [trt_backend.py:35] - TensorRT Engine Backend running in SIMULATION fallback mode for file weights\weights\model_fp16.engine
[2026-05-25 01:04:55] [INFO] [benchmark.py:39] - Starting performance run for: TensorRT FP16 (warmup=100, runs=500)...
[2026-05-25 01:05:14] [INFO] [benchmark.py:101] - Finished TensorRT FP16. Latency: 16.56 ms | FPS: 60.4 | RAM: 307.9 MB | GPU Mem: 150.0 MB
[2026-05-25 01:05:14] [INFO] [benchmark.py:154] - Target file for TensorRT INT8 missing. Creating fallback mock file at weights\weights\model_int8.engine
[2026-05-25 01:05:14] [WARNING] [trt_backend.py:35] - TensorRT Engine Backend running in SIMULATION fallback mode for file weights\weights\model_int8.engine
[2026-05-25 01:05:14] [INFO] [benchmark.py:39] - Starting performance run for: TensorRT INT8 (warmup=100, runs=500)...
[2026-05-25 01:05:30] [INFO] [config_parser.py:46] - Configuration successfully loaded from configs/default.yaml
[2026-05-25 01:05:30] [INFO] [benchmark.py:154] - Target file for PyTorch FP32 missing. Falling back to downloading/using baseline 'yolov8n.pt'
[2026-05-25 01:05:36] [INFO] [benchmark.py:101] - Finished TensorRT INT8. Latency: 17.83 ms | FPS: 56.1 | RAM: 307.8 MB | GPU Mem: 110.0 MB
[2026-05-25 01:05:36] [INFO] [benchmark.py:173] - Performance report written to: results\benchmark_report.csv
[2026-05-25 01:05:45] [INFO] [benchmark.py:195] - Performance charts successfully generated and saved to results
[2026-05-25 01:05:45] [INFO] [benchmark.py:39] - Starting performance run for: PyTorch FP32 (warmup=5, runs=20)...
[2026-05-25 01:06:04] [INFO] [benchmark.py:101] - Finished PyTorch FP32. Latency: 664.44 ms | FPS: 1.5 | RAM: 363.5 MB | GPU Mem: 450.0 MB
[2026-05-25 01:06:04] [INFO] [benchmark.py:157] - Target file for ONNXRuntime missing. Creating fallback mock file at export\model.onnx
[2026-05-25 01:06:04] [WARNING] [onnx_backend.py:25] - ONNXRuntime not installed. Running ONNXBackend in SIMULATION fallback mode for file export\model.onnx
[2026-05-25 01:06:04] [INFO] [benchmark.py:39] - Starting performance run for: ONNXRuntime (warmup=5, runs=20)...
[2026-05-25 01:06:05] [INFO] [benchmark.py:101] - Finished ONNXRuntime. Latency: 16.14 ms | FPS: 61.9 | RAM: 365.7 MB | GPU Mem: 320.0 MB
[2026-05-25 01:06:05] [INFO] [benchmark.py:157] - Target file for TensorRT FP32 missing. Creating fallback mock file at weights\model_fp32.engine
[2026-05-25 01:06:05] [WARNING] [trt_backend.py:35] - TensorRT Engine Backend running in SIMULATION fallback mode for file weights\model_fp32.engine
[2026-05-25 01:06:05] [INFO] [benchmark.py:39] - Starting performance run for: TensorRT FP32 (warmup=5, runs=20)...
[2026-05-25 01:06:07] [INFO] [benchmark.py:101] - Finished TensorRT FP32. Latency: 39.27 ms | FPS: 25.5 | RAM: 365.7 MB | GPU Mem: 280.0 MB
[2026-05-25 01:06:07] [INFO] [benchmark.py:157] - Target file for TensorRT FP16 missing. Creating fallback mock file at weights\model_fp16.engine
[2026-05-25 01:06:07] [WARNING] [trt_backend.py:35] - TensorRT Engine Backend running in SIMULATION fallback mode for file weights\model_fp16.engine
[2026-05-25 01:06:07] [INFO] [benchmark.py:39] - Starting performance run for: TensorRT FP16 (warmup=5, runs=20)...
[2026-05-25 01:06:08] [INFO] [benchmark.py:101] - Finished TensorRT FP16. Latency: 24.03 ms | FPS: 41.6 | RAM: 365.6 MB | GPU Mem: 150.0 MB
[2026-05-25 01:06:08] [INFO] [benchmark.py:157] - Target file for TensorRT INT8 missing. Creating fallback mock file at weights\model_int8.engine
[2026-05-25 01:06:08] [WARNING] [trt_backend.py:35] - TensorRT Engine Backend running in SIMULATION fallback mode for file weights\model_int8.engine
[2026-05-25 01:06:08] [INFO] [benchmark.py:39] - Starting performance run for: TensorRT INT8 (warmup=5, runs=20)...
[2026-05-25 01:06:09] [INFO] [benchmark.py:101] - Finished TensorRT INT8. Latency: 16.81 ms | FPS: 59.5 | RAM: 365.6 MB | GPU Mem: 110.0 MB
[2026-05-25 01:06:09] [INFO] [benchmark.py:176] - Performance report written to: results\benchmark_report.csv
[2026-05-25 01:06:11] [INFO] [benchmark.py:198] - Performance charts successfully generated and saved to results
[2026-05-25 01:06:24] [INFO] [config_parser.py:46] - Configuration successfully loaded from configs/default.yaml
[2026-05-25 01:06:47] [INFO] [edge_simulator.py:68] - Initializing UAV Edge AI Deployment Tradeoff Analysis...
[2026-05-25 01:06:47] [INFO] [config_parser.py:46] - Configuration successfully loaded from configs/default.yaml
[2026-05-25 01:06:47] [INFO] [edge_simulator.py:29] - SoC Power Mode set to: LOW_POWER
[2026-05-25 01:07:01] [INFO] [edge_simulator.py:29] - SoC Power Mode set to: BALANCED
[2026-05-25 01:07:13] [INFO] [edge_simulator.py:29] - SoC Power Mode set to: MAX_PERFORMANCE
[2026-05-25 01:07:25] [INFO] [config_parser.py:46] - Configuration successfully loaded from configs/default.yaml
[2026-05-25 01:07:25] [INFO] [edge_simulator.py:113] - Edge deployment tradeoff analysis exported to: results\edge_tradeoff_analysis.csv
